Microchip MPLAB XC8 Compiler V2.36

Linker command line:

-W-3 --edf=C:\Program Files\Microchip\xc8\v2.36\pic\dat\en_msgs.txt -cn \
  -h+dist/default/production\I2c_Master_Code.X.production.sym \
  --cmf=dist/default/production\I2c_Master_Code.X.production.cmf -z \
  -Q18F458 -oC:\Users\User\AppData\Local\Temp\xcAs5g8.4 \
  --defsym=__MPLAB_BUILD=1 \
  -Mdist/default/production/I2c_Master_Code.X.production.map \
  --md=C:\Users\User\AppData\Local\Temp\xcAs5g8.dat -E1 -ver=XC8 Compiler \
  --acfsm=1493 -ACODE=00h-03FFFhx2 -ACONST=00h-07FFFh \
  -ASMALLCONST=0600h-06FFhx122 -AMEDIUMCONST=0600h-07FFFh -ACOMRAM=01h-05Fh \
  -AABS1=00h-05FFh -ABIGRAM=01h-05FFh -ARAM=060h-0FFh,0100h-01FFhx5 \
  -ABANK0=060h-0FFh -ABANK1=0100h-01FFh -ABANK2=0200h-02FFh \
  -ABANK3=0300h-03FFh -ABANK4=0400h-04FFh -ABANK5=0500h-05FFh \
  -ASFR=0F00h-0F5Fh,0F60h-0FFFh -ABIGSFR=0F00h-0FFFh \
  -ACONFIG=0300000h-030000Dh -AIDLOC=0200000h-0200007h \
  -AEEDATA=0F00000h-0F000FFh -peeprom_data=EEDATA \
  -preset_vec=00h,intcode,intcodelo,powerup,init -pramtop=0600h \
  -psmallconst=SMALLCONST -pmediumconst=MEDIUMCONST -pconst=CONST \
  -AFARRAM=00h-00h \
  -prdata=COMRAM,nvrram=COMRAM,nvbit=COMRAM,rbss=COMRAM,rbit=COMRAM \
  -pfarbss=FARRAM,fardata=FARRAM,nvFARRAM=FARRAM \
  -pintsave_regs=BIGRAM,bigbss=BIGRAM,bigdata=BIGRAM -pbss=RAM \
  -pidata=CODE,irdata=CODE,ibigdata=CODE,ifardata=CODE -prparam=COMRAM \
  C:\Users\User\AppData\Local\Temp\xcAs5g8.o \
  dist/default/production\I2c_Master_Code.X.production.o 

Object code version is 3.11

Machine type is 18F458



                Name                               Link     Load   Length Selector   Space Scale
C:\Users\User\AppData\Local\Temp\xcAs5g8.o
                idloc                            200000   200000        8        0       5
                config                           300000   300000        E        0       4
                text                               3F18     3F18        2     1F8C       0
                init                                  2        2        4        0       0
                reset_vec                             0        0        2        0       0
dist/default/production\I2c_Master_Code.X.production.o
                idloc                            200000   200000        8        0       5
                config                           300000   300000        E        0       4
                text5                              3F4C     3F4C       1C     1FA6       0
                text4                              3F68     3F68       34     1FB4       0
                text3                              3F20     3F20        C     1F90       0
                text2                              3F2C     3F2C        C     1F96       0
                text1                              3F38     3F38       14     1F9C       0
                text0                              3F9C     3F9C       64     1FCE       0
                cstackCOMRAM                          1        1        5        1       1
                cinit                              3F1A     3F1A        6     1F8D       0

TOTAL           Name                               Link     Load   Length     Space
        CLASS   CODE           
                text                               3F18     3F18        2         0
                init                                  2        2        4         0
                reset_vec                             0        0        2         0
                text5                              3F4C     3F4C       1C         0
                text4                              3F68     3F68       34         0
                text3                              3F20     3F20        C         0
                text2                              3F2C     3F2C        C         0
                text1                              3F38     3F38       14         0
                text0                              3F9C     3F9C       64         0
                cinit                              3F1A     3F1A        6         0

        CLASS   CONST          

        CLASS   SMALLCONST     

        CLASS   MEDIUMCONST    

        CLASS   COMRAM         
                cstackCOMRAM                          1        1        5         1

        CLASS   ABS1           

        CLASS   BIGRAM         

        CLASS   RAM            

        CLASS   BANK0          

        CLASS   BANK1          

        CLASS   BANK2          

        CLASS   BANK3          

        CLASS   BANK4          

        CLASS   BANK5          

        CLASS   SFR            

        CLASS   BIGSFR         

        CLASS   CONFIG         
                config                           300000   300000        E         4

        CLASS   IDLOC          
                idloc                            200000   200000        8         5

        CLASS   EEDATA         

        CLASS   FARRAM         

        CLASS   HEAP           

        CLASS   STACK          



SEGMENTS        Name                           Load    Length   Top    Selector   Space  Class

                reset_vec                      000000  000006  000006         0       0  CODE    
                cstackCOMRAM                   000001  000005  000006         1       1  COMRAM  
                text                           003F18  000002  003F1A      1F8C       0  CODE    
                cinit                          003F1A  000006  003F20      1F8D       0  CODE    
                text3                          003F20  00000C  003F2C      1F90       0  CODE    
                text2                          003F2C  00000C  003F38      1F96       0  CODE    
                text1                          003F38  000014  003F4C      1F9C       0  CODE    
                text5                          003F4C  00001C  003F68      1FA6       0  CODE    
                text4                          003F68  000034  003F9C      1FB4       0  CODE    
                text0                          003F9C  000064  004000      1FCE       0  CODE    


UNUSED ADDRESS RANGES

        Name                Unused          Largest block    Delta
        BANK0            000060-0000FF               A0
        BANK1            000100-0001FF              100
        BANK2            000200-0002FF              100
        BANK3            000300-0003FF              100
        BANK4            000400-0004FF              100
        BANK5            000500-0005FF              100
        BIGRAM           000006-0005FF              5FA
        BIGSFR           000F00-000FFF              100
        CODE             000006-003F17             3F12
                         004000-007FFF             4000
        COMRAM           000006-00005F               5A
        CONST            000006-003F17             3F12
                         004000-007FFF             4000
        EEDATA           F00000-F000FF              100
        MEDIUMCONST      000600-003F17             3918
                         004000-007FFF             4000
        RAM              000060-0005FF              100
        SFR              000F00-000FFF               60
        SMALLCONST       000600-003F17              100
                         004000-007FFF              100

                                  Symbol Table

I2C_Write@Data                                                        cstackCOMRAM 000002
_ACKDT                                                                (abs)        007E2D
_ACKEN                                                                (abs)        007E2C
_ACKSTAT                                                              (abs)        007E2E
_I2C_Master_Init                                                      text5        003F4C
_I2C_Start                                                            text3        003F20
_I2C_Stop                                                             text2        003F2C
_I2C_Wait                                                             text4        003F68
_I2C_Write                                                            text1        003F38
_PEN                                                                  (abs)        007E2A
_PORTD                                                                (abs)        000F83
_RD3                                                                  (abs)        007C1B
_RSEN                                                                 (abs)        007E29
_SEN                                                                  (abs)        007E28
_SSPADD                                                               (abs)        000FC8
_SSPBUF                                                               (abs)        000FC9
_SSPCON1                                                              (abs)        000FC6
_SSPCON2                                                              (abs)        000FC5
_SSPSTAT                                                              (abs)        000FC7
_TRISB                                                                (abs)        000F93
_TRISC3                                                               (abs)        007CA3
_TRISC4                                                               (abs)        007CA4
_TRISD                                                                (abs)        000F95
__HRAM                                                                (abs)        000000
__Habs1                                                               abs1         000000
__Hbank0                                                              bank0        000000
__Hbank1                                                              bank1        000000
__Hbank2                                                              bank2        000000
__Hbank3                                                              bank3        000000
__Hbank4                                                              bank4        000000
__Hbank5                                                              bank5        000000
__Hbigbss                                                             bigbss       000000
__Hbigdata                                                            bigdata      000000
__Hbigram                                                             bigram       000000
__Hbigsfr                                                             bigsfr       000000
__Hbss                                                                bss          000000
__Hcinit                                                              cinit        000000
__Hclrtext                                                            clrtext      000000
__Hcomram                                                             comram       000000
__Hconfig                                                             config       30000E
__Hconst                                                              const        000000
__HcstackCOMRAM                                                       cstackCOMRAM 000000
__Hdata                                                               data         000000
__Heeprom_data                                                        eeprom_data  000000
__Hfarbss                                                             farbss       000000
__Hfardata                                                            fardata      000000
__Hheap                                                               heap         000000
__Hibigdata                                                           ibigdata     000000
__Hidata                                                              idata        000000
__Hidloc                                                              idloc        200008
__Hifardata                                                           ifardata     000000
__Hinit                                                               init         000006
__Hintcode                                                            intcode      000002
__Hintcode_body                                                       intcode_body 000000
__Hintcodelo                                                          intcodelo    000002
__Hintentry                                                           intentry     000000
__Hintret                                                             intret       000000
__Hintsave_regs                                                       intsave_regs 000000
__Hirdata                                                             irdata       000000
__Hmediumconst                                                        mediumconst  000000
__HnvFARRAM                                                           nvFARRAM     000000
__Hnvbit                                                              nvbit        000000
__Hnvrram                                                             nvrram       000000
__Hparam                                                              rparam       000000
__Hpowerup                                                            powerup      000002
__Hram                                                                ram          000000
__Hramtop                                                             ramtop       000600
__Hrbit                                                               rbit         000000
__Hrbss                                                               rbss         000000
__Hrdata                                                              rdata        000000
__Hreset_vec                                                          reset_vec    000002
__Hrparam                                                             rparam       000000
__Hsfr                                                                sfr          000000
__Hsmallconst                                                         smallconst   000000
__Hspace_0                                                            (abs)        004000
__Hspace_1                                                            (abs)        000006
__Hspace_2                                                            (abs)        000000
__Hspace_4                                                            (abs)        60000E
__Hstack                                                              stack        000000
__Hstruct                                                             struct       000000
__Htemp                                                               temp         000000
__Htext                                                               text         000000
__Htext0                                                              text0        000000
__Htext1                                                              text1        000000
__Htext2                                                              text2        000000
__Htext3                                                              text3        000000
__Htext4                                                              text4        000000
__Htext5                                                              text5        000000
__LRAM                                                                (abs)        000001
__Labs1                                                               abs1         000000
__Lbank0                                                              bank0        000000
__Lbank1                                                              bank1        000000
__Lbank2                                                              bank2        000000
__Lbank3                                                              bank3        000000
__Lbank4                                                              bank4        000000
__Lbank5                                                              bank5        000000
__Lbigbss                                                             bigbss       000000
__Lbigdata                                                            bigdata      000000
__Lbigram                                                             bigram       000000
__Lbigsfr                                                             bigsfr       000000
__Lbss                                                                bss          000000
__Lcinit                                                              cinit        000000
__Lclrtext                                                            clrtext      000000
__Lcomram                                                             comram       000000
__Lconfig                                                             config       000000
__Lconst                                                              const        000000
__LcstackCOMRAM                                                       cstackCOMRAM 000000
__Ldata                                                               data         000000
__Leeprom_data                                                        eeprom_data  000000
__Lfarbss                                                             farbss       000000
__Lfardata                                                            fardata      000000
__Lheap                                                               heap         000000
__Libigdata                                                           ibigdata     000000
__Lidata                                                              idata        000000
__Lidloc                                                              idloc        000000
__Lifardata                                                           ifardata     000000
__Linit                                                               init         000002
__Lintcode                                                            intcode      000002
__Lintcode_body                                                       intcode_body 000000
__Lintcodelo                                                          intcodelo    000002
__Lintentry                                                           intentry     000000
__Lintret                                                             intret       000000
__Lintsave_regs                                                       intsave_regs 000000
__Lirdata                                                             irdata       000000
__Lmediumconst                                                        mediumconst  000000
__LnvFARRAM                                                           nvFARRAM     000000
__Lnvbit                                                              nvbit        000000
__Lnvrram                                                             nvrram       000000
__Lparam                                                              rparam       000000
__Lpowerup                                                            powerup      000002
__Lram                                                                ram          000000
__Lramtop                                                             ramtop       000600
__Lrbit                                                               rbit         000000
__Lrbss                                                               rbss         000000
__Lrdata                                                              rdata        000000
__Lreset_vec                                                          reset_vec    000000
__Lrparam                                                             rparam       000000
__Lsfr                                                                sfr          000000
__Lsmallconst                                                         smallconst   000000
__Lspace_0                                                            (abs)        000000
__Lspace_1                                                            (abs)        000000
__Lspace_2                                                            (abs)        000000
__Lspace_4                                                            (abs)        000000
__Lstack                                                              stack        000000
__Lstruct                                                             struct       000000
__Ltemp                                                               temp         000000
__Ltext                                                               text         000000
__Ltext0                                                              text0        000000
__Ltext1                                                              text1        000000
__Ltext2                                                              text2        000000
__Ltext3                                                              text3        000000
__Ltext4                                                              text4        000000
__Ltext5                                                              text5        000000
__S0                                                                  (abs)        004000
__S1                                                                  (abs)        000006
__S4                                                                  (abs)        000000
__S5                                                                  (abs)        000000
___heap_hi                                                            (abs)        000000
___heap_lo                                                            (abs)        000000
___inthi_sp                                                           stack        000000
___intlo_sp                                                           stack        000000
___param_bank                                                         (abs)        000000
___rparam_used                                                        (abs)        000001
___sp                                                                 stack        000000
__accesstop                                                           (abs)        000060
__activetblptr                                                        (abs)        000000
__cntErrataNOP_C:\Users\User\AppData\Local\Temp\xcAs5g8.o             (abs)        000001
__cntErrataNOP_dist/default/production\I2c_Master_Code.X.production.o (abs)        000014
__end_of_I2C_Master_Init                                              text5        003F66
__end_of_I2C_Start                                                    text3        003F2C
__end_of_I2C_Stop                                                     text2        003F38
__end_of_I2C_Wait                                                     text4        003F9C
__end_of_I2C_Write                                                    text1        003F4C
__end_of__initialization                                              cinit        003F1A
__end_of_main                                                         text0        004000
__initialization                                                      cinit        003F1A
__mediumconst                                                         mediumconst  000000
__pcinit                                                              cinit        003F1A
__pcstackCOMRAM                                                       cstackCOMRAM 000001
__ptext0                                                              text0        003F9C
__ptext1                                                              text1        003F38
__ptext2                                                              text2        003F2C
__ptext3                                                              text3        003F20
__ptext4                                                              text4        003F68
__ptext5                                                              text5        003F4C
__ramtop                                                              ramtop       000600
__smallconst                                                          smallconst   000000
_main                                                                 text0        003F9C
end_of_initialization                                                 cinit        003F1A
intlevel0                                                             text         003F18
intlevel1                                                             text         003F18
intlevel2                                                             text         003F18
intlevel3                                                             text         003F18
isa$std                                                               (abs)        000001
isa$xinst                                                             (abs)        000000
main@i                                                                cstackCOMRAM 000005
stackhi                                                               (abs)        000000
stacklo                                                               (abs)        000000
start                                                                 init         000002
start_initialization                                                  cinit        003F1A


MODULE INFORMATION

Module		Function		Class		Link	Load	Size
shared
		__initialization		CODE           	3F1A	0000	1

shared estimated size: 1

I2c_Master.c
		_I2C_Master_Init		CODE           	3F4C	0000	26
		_main          		CODE           	3F9C	0000	100
		_I2C_Write     		CODE           	3F38	0000	20
		_I2C_Stop      		CODE           	3F2C	0000	12
		_I2C_Wait      		CODE           	3F68	0000	52
		_I2C_Start     		CODE           	3F20	0000	12

I2c_Master.c estimated size: 222

