Microchip MPLAB XC8 Compiler V2.36

Linker command line:

-W-3 --edf=C:\Program Files\Microchip\xc8\v2.36\pic\dat\en_msgs.txt -cn \
  -h+dist/default/production\06_ADC.X.production.sym \
  --cmf=dist/default/production\06_ADC.X.production.cmf -z -Q18F458 \
  -oC:\Users\User\AppData\Local\Temp\xcAssa4.4 --defsym=__MPLAB_BUILD=1 \
  -Mdist/default/production/06_ADC.X.production.map \
  --md=C:\Users\User\AppData\Local\Temp\xcAssa4.dat -E1 -ver=XC8 Compiler \
  --acfsm=1493 -ACODE=00h-03FFFhx2 -ACONST=00h-07FFFh \
  -ASMALLCONST=0600h-06FFhx122 -AMEDIUMCONST=0600h-07FFFh -ACOMRAM=01h-05Fh \
  -AABS1=00h-05FFh -ABIGRAM=01h-05FFh -ARAM=060h-0FFh,0100h-01FFhx5 \
  -ABANK0=060h-0FFh -ABANK1=0100h-01FFh -ABANK2=0200h-02FFh \
  -ABANK3=0300h-03FFh -ABANK4=0400h-04FFh -ABANK5=0500h-05FFh \
  -ASFR=0F00h-0F5Fh,0F60h-0FFFh -ABIGSFR=0F00h-0FFFh \
  -ACONFIG=0300000h-030000Dh -AIDLOC=0200000h-0200007h \
  -AEEDATA=0F00000h-0F000FFh -peeprom_data=EEDATA \
  -preset_vec=00h,intcode,intcodelo,powerup,init -pramtop=0600h \
  -psmallconst=SMALLCONST -pmediumconst=MEDIUMCONST -pconst=CONST \
  -AFARRAM=00h-00h \
  -prdata=COMRAM,nvrram=COMRAM,nvbit=COMRAM,rbss=COMRAM,rbit=COMRAM \
  -pfarbss=FARRAM,fardata=FARRAM,nvFARRAM=FARRAM \
  -pintsave_regs=BIGRAM,bigbss=BIGRAM,bigdata=BIGRAM -pbss=RAM \
  -pidata=CODE,irdata=CODE,ibigdata=CODE,ifardata=CODE -prparam=COMRAM \
  C:\Users\User\AppData\Local\Temp\xcAssa4.o \
  dist/default/production\06_ADC.X.production.o 

Object code version is 3.11

Machine type is 18F458



                Name                               Link     Load   Length Selector   Space Scale
C:\Users\User\AppData\Local\Temp\xcAssa4.o
                idloc                            200000   200000        8        0       5
                config                           300000   300000        E        0       4
                text                               3C3A     3C3A        2     1E1A       0
                init                                  2        2        4        0       0
                reset_vec                             0        0        2        0       0
dist/default/production\06_ADC.X.production.o
                idloc                            200000   200000        8        0       5
                config                           300000   300000        E        0       4
                smallconst                          600      600       1C      300       0
                text31                             2BB0     2BB0      1F8      30E       0
                text30                             3BC8     3BC8       38      30E       0
                text29                             3C00     3C00       2A      30E       0
                text28                             3B86     3B86       42      30E       0
                text27                             38D4     38D4       60      30E       0
                text26                             2DA8     2DA8      188      30E       0
                text25                             33AA     33AA       F0      30E       0
                text24                             365E     365E       DC      30E       0
                text23                             22FC     22FC      432      30E       0
                text22                             373A     373A       C2      30E       0
                text21                             3066     3066      128      30E       0
                text20                             1E58     1E58      4A4      30E       0
                text19                             3B44     3B44       42      30E       0
                text18                             134C     134C      5A8      30E       0
                text17                             3A76     3A76       4A      30E       0
                text16                             2F30     2F30      136      30E       0
                text15                             318E     318E      122      30E       0
                text14                             272E     272E      250      30E       0
                text13                             3C34     3C34        6     1E1A       0
                text12                             357C     357C       E2      30E       0
                text11                             39DC     39DC       50      30E       0
                text10                             3B02     3B02       42      30E       0
                text9                              349A     349A       E2      30E       0
                text8                              386C     386C       68      30E       0
                text7                              3AC0     3AC0       42      30E       0
                text6                              398A     398A       52      30E       0
                text5                               61C      61C      D30      30E       0
                text4                              32B0     32B0       FA      30E       0
                text3                              18F4     18F4      564      30E       0
                text2                              37FC     37FC       70      30E       0
                text1                              3934     3934       56      30E       0
                text0                              297E     297E      232      30E       0
                cstackCOMRAM                          1        1       5B        1       1
                cstackBANK0                          60       60       72       60       1
                bssBANK1                            100      100       50      100       1
                dataBANK0                            DE       DE        9       60       1
                bssBANK0                             D2       D2        C       60       1
                bssCOMRAM                            5C       5C        4        1       1
                cinit                              3A2C     3A2C       4A      30E       0
                idataBANK0                         3C2A     3C2A        9      30E       0

TOTAL           Name                               Link     Load   Length     Space
        CLASS   CODE           
                text                               3C3A     3C3A        2         0
                init                                  2        2        4         0
                reset_vec                             0        0        2         0
                text31                             2BB0     2BB0      1F8         0
                text30                             3BC8     3BC8       38         0
                text29                             3C00     3C00       2A         0
                text28                             3B86     3B86       42         0
                text27                             38D4     38D4       60         0
                text26                             2DA8     2DA8      188         0
                text25                             33AA     33AA       F0         0
                text24                             365E     365E       DC         0
                text23                             22FC     22FC      432         0
                text22                             373A     373A       C2         0
                text21                             3066     3066      128         0
                text20                             1E58     1E58      4A4         0
                text19                             3B44     3B44       42         0
                text18                             134C     134C      5A8         0
                text17                             3A76     3A76       4A         0
                text16                             2F30     2F30      136         0
                text15                             318E     318E      122         0
                text14                             272E     272E      250         0
                text13                             3C34     3C34        6         0
                text12                             357C     357C       E2         0
                text11                             39DC     39DC       50         0
                text10                             3B02     3B02       42         0
                text9                              349A     349A       E2         0
                text8                              386C     386C       68         0
                text7                              3AC0     3AC0       42         0
                text6                              398A     398A       52         0
                text5                               61C      61C      D30         0
                text4                              32B0     32B0       FA         0
                text3                              18F4     18F4      564         0
                text2                              37FC     37FC       70         0
                text1                              3934     3934       56         0
                text0                              297E     297E      232         0
                cinit                              3A2C     3A2C       4A         0
                idataBANK0                         3C2A     3C2A        9         0

        CLASS   CONST          

        CLASS   SMALLCONST     
                smallconst                          600      600       1C         0

        CLASS   MEDIUMCONST    

        CLASS   COMRAM         
                cstackCOMRAM                          1        1       5B         1
                bssCOMRAM                            5C       5C        4         1

        CLASS   ABS1           

        CLASS   BIGRAM         

        CLASS   RAM            

        CLASS   BANK0          
                cstackBANK0                          60       60       72         1
                dataBANK0                            DE       DE        9         1
                bssBANK0                             D2       D2        C         1

        CLASS   BANK1          
                bssBANK1                            100      100       50         1

        CLASS   BANK2          

        CLASS   BANK3          

        CLASS   BANK4          

        CLASS   BANK5          

        CLASS   SFR            

        CLASS   BIGSFR         

        CLASS   CONFIG         
                config                           300000   300000        E         4

        CLASS   IDLOC          
                idloc                            200000   200000        8         5

        CLASS   EEDATA         

        CLASS   FARRAM         

        CLASS   HEAP           

        CLASS   STACK          



SEGMENTS        Name                           Load    Length   Top    Selector   Space  Class

                reset_vec                      000000  000006  000006         0       0  CODE    
                cstackCOMRAM                   000001  00005F  000060         1       1  COMRAM  
                cstackBANK0                    000060  000087  0000E7        60       1  BANK0   
                bssBANK1                       000100  000050  000150       100       1  BANK1   
                smallconst                     000600  00001C  00061C       300       0  SMALLCON
                text5                          00061C  003617  003C33       30E       0  CODE    
                text13                         003C34  000008  003C3C      1E1A       0  CODE    


UNUSED ADDRESS RANGES

        Name                Unused          Largest block    Delta
        BANK0            0000E7-0000FF               19
        BANK1            000150-0001FF               B0
        BANK2            000200-0002FF              100
        BANK3            000300-0003FF              100
        BANK4            000400-0004FF              100
        BANK5            000500-0005FF              100
        BIGRAM           0000E7-0000FF               19
                         000150-0005FF              4B0
        BIGSFR           000F00-000FFF              100
        CODE             000006-0005FF              5FA
                         003C33-003C33                1
                         003C3C-007FFF              3C4
        CONST            000006-0005FF              5FA
                         003C33-003C33                1
                         003C3C-007FFF             43C4
        EEDATA           F00000-F000FF              100
        MEDIUMCONST      003C33-003C33                1
                         003C3C-007FFF             43C4
        RAM              0000E7-0000FF               19
                         000150-0005FF              100
        SFR              000F00-000FFF               60
        SMALLCONST       003C33-003C33                1
                         003C3C-007FFF              100

                                  Symbol Table

?___awdiv                                                    cstackCOMRAM 000001
?___awmod                                                    cstackCOMRAM 000001
?___fladd                                                    cstackCOMRAM 000001
?___fldiv                                                    cstackCOMRAM 000001
?___flmul                                                    cstackCOMRAM 00000F
?___flneg                                                    cstackCOMRAM 000001
?___flsub                                                    cstackCOMRAM 000028
?___fltol                                                    cstackCOMRAM 000001
?___fpclassifyf                                              cstackCOMRAM 000001
?___wmul                                                     cstackCOMRAM 000001
?___xxtofl                                                   cstackCOMRAM 000001
?_atoi                                                       cstackCOMRAM 000008
?_efgtoa                                                     cstackCOMRAM 000034
?_floorf                                                     cstackCOMRAM 00001A
?_isdigit                                                    cstackCOMRAM 000001
?_isspace                                                    cstackCOMRAM 000001
?_isupper                                                    cstackCOMRAM 000001
?_pad                                                        cstackCOMRAM 000011
?_sprintf                                                    cstackBANK0  000092
?_strlen                                                     cstackCOMRAM 000001
?_strncmp                                                    cstackCOMRAM 000001
?_tolower                                                    cstackCOMRAM 000007
?_vfpfcnvrt                                                  cstackCOMRAM 000040
?_vfprintf                                                   cstackCOMRAM 000054
_ADCON0                                                      (abs)        000FC2
_ADCON1                                                      (abs)        000FC1
_ADRESH                                                      (abs)        000FC4
_ADRESL                                                      (abs)        000FC3
_GODONE                                                      (abs)        007E12
_GO_nDONE                                                    (abs)        007E12
_PORTCbits                                                   (abs)        000F82
_PORTD                                                       (abs)        000F83
_TRISAbits                                                   (abs)        000F92
_TRISCbits                                                   (abs)        000F94
_TRISD                                                       (abs)        000F95
__HRAM                                                       (abs)        000000
__Habs1                                                      abs1         000000
__Hbank0                                                     bank0        000000
__Hbank1                                                     bank1        000000
__Hbank2                                                     bank2        000000
__Hbank3                                                     bank3        000000
__Hbank4                                                     bank4        000000
__Hbank5                                                     bank5        000000
__Hbigbss                                                    bigbss       000000
__Hbigdata                                                   bigdata      000000
__Hbigram                                                    bigram       000000
__Hbigsfr                                                    bigsfr       000000
__Hbss                                                       bss          000000
__HbssBANK0                                                  bssBANK0     000000
__HbssBANK1                                                  bssBANK1     000000
__HbssCOMRAM                                                 bssCOMRAM    000000
__Hcinit                                                     cinit        000000
__Hclrtext                                                   clrtext      000000
__Hcomram                                                    comram       000000
__Hconfig                                                    config       30000E
__Hconst                                                     const        000000
__HcstackBANK0                                               cstackBANK0  000000
__HcstackCOMRAM                                              cstackCOMRAM 000000
__Hdata                                                      data         000000
__HdataBANK0                                                 dataBANK0    000000
__Heeprom_data                                               eeprom_data  000000
__Hfarbss                                                    farbss       000000
__Hfardata                                                   fardata      000000
__Hheap                                                      heap         000000
__Hibigdata                                                  ibigdata     000000
__Hidata                                                     idata        000000
__HidataBANK0                                                idataBANK0   000000
__Hidloc                                                     idloc        200008
__Hifardata                                                  ifardata     000000
__Hinit                                                      init         000006
__Hintcode                                                   intcode      000002
__Hintcode_body                                              intcode_body 000000
__Hintcodelo                                                 intcodelo    000002
__Hintentry                                                  intentry     000000
__Hintret                                                    intret       000000
__Hintsave_regs                                              intsave_regs 000000
__Hirdata                                                    irdata       000000
__Hmediumconst                                               mediumconst  000000
__HnvFARRAM                                                  nvFARRAM     000000
__Hnvbit                                                     nvbit        000000
__Hnvrram                                                    nvrram       000000
__Hparam                                                     rparam       000000
__Hpowerup                                                   powerup      000002
__Hram                                                       ram          000000
__Hramtop                                                    ramtop       000600
__Hrbit                                                      rbit         000000
__Hrbss                                                      rbss         000000
__Hrdata                                                     rdata        000000
__Hreset_vec                                                 reset_vec    000002
__Hrparam                                                    rparam       000000
__Hsfr                                                       sfr          000000
__Hsmallconst                                                smallconst   00061C
__Hspace_0                                                   (abs)        003C3C
__Hspace_1                                                   (abs)        000150
__Hspace_2                                                   (abs)        000000
__Hspace_4                                                   (abs)        60000E
__Hstack                                                     stack        000000
__Hstruct                                                    struct       000000
__Htemp                                                      temp         000000
__Htext                                                      text         000000
__Htext0                                                     text0        000000
__Htext1                                                     text1        000000
__Htext10                                                    text10       000000
__Htext11                                                    text11       000000
__Htext12                                                    text12       000000
__Htext13                                                    text13       000000
__Htext14                                                    text14       000000
__Htext15                                                    text15       000000
__Htext16                                                    text16       000000
__Htext17                                                    text17       000000
__Htext18                                                    text18       000000
__Htext19                                                    text19       000000
__Htext2                                                     text2        000000
__Htext20                                                    text20       000000
__Htext21                                                    text21       000000
__Htext22                                                    text22       000000
__Htext23                                                    text23       000000
__Htext24                                                    text24       000000
__Htext25                                                    text25       000000
__Htext26                                                    text26       000000
__Htext27                                                    text27       000000
__Htext28                                                    text28       000000
__Htext29                                                    text29       000000
__Htext3                                                     text3        000000
__Htext30                                                    text30       000000
__Htext31                                                    text31       000000
__Htext4                                                     text4        000000
__Htext5                                                     text5        000000
__Htext6                                                     text6        000000
__Htext7                                                     text7        000000
__Htext8                                                     text8        000000
__Htext9                                                     text9        000000
__LRAM                                                       (abs)        000001
__Labs1                                                      abs1         000000
__Lbank0                                                     bank0        000000
__Lbank1                                                     bank1        000000
__Lbank2                                                     bank2        000000
__Lbank3                                                     bank3        000000
__Lbank4                                                     bank4        000000
__Lbank5                                                     bank5        000000
__Lbigbss                                                    bigbss       000000
__Lbigdata                                                   bigdata      000000
__Lbigram                                                    bigram       000000
__Lbigsfr                                                    bigsfr       000000
__Lbss                                                       bss          000000
__LbssBANK0                                                  bssBANK0     000000
__LbssBANK1                                                  bssBANK1     000000
__LbssCOMRAM                                                 bssCOMRAM    000000
__Lcinit                                                     cinit        000000
__Lclrtext                                                   clrtext      000000
__Lcomram                                                    comram       000000
__Lconfig                                                    config       000000
__Lconst                                                     const        000000
__LcstackBANK0                                               cstackBANK0  000000
__LcstackCOMRAM                                              cstackCOMRAM 000000
__Ldata                                                      data         000000
__LdataBANK0                                                 dataBANK0    000000
__Leeprom_data                                               eeprom_data  000000
__Lfarbss                                                    farbss       000000
__Lfardata                                                   fardata      000000
__Lheap                                                      heap         000000
__Libigdata                                                  ibigdata     000000
__Lidata                                                     idata        000000
__LidataBANK0                                                idataBANK0   000000
__Lidloc                                                     idloc        000000
__Lifardata                                                  ifardata     000000
__Linit                                                      init         000002
__Lintcode                                                   intcode      000002
__Lintcode_body                                              intcode_body 000000
__Lintcodelo                                                 intcodelo    000002
__Lintentry                                                  intentry     000000
__Lintret                                                    intret       000000
__Lintsave_regs                                              intsave_regs 000000
__Lirdata                                                    irdata       000000
__Lmediumconst                                               mediumconst  000000
__LnvFARRAM                                                  nvFARRAM     000000
__Lnvbit                                                     nvbit        000000
__Lnvrram                                                    nvrram       000000
__Lparam                                                     rparam       000000
__Lpowerup                                                   powerup      000002
__Lram                                                       ram          000000
__Lramtop                                                    ramtop       000600
__Lrbit                                                      rbit         000000
__Lrbss                                                      rbss         000000
__Lrdata                                                     rdata        000000
__Lreset_vec                                                 reset_vec    000000
__Lrparam                                                    rparam       000000
__Lsfr                                                       sfr          000000
__Lsmallconst                                                smallconst   000600
__Lspace_0                                                   (abs)        000000
__Lspace_1                                                   (abs)        000000
__Lspace_2                                                   (abs)        000000
__Lspace_4                                                   (abs)        000000
__Lstack                                                     stack        000000
__Lstruct                                                    struct       000000
__Ltemp                                                      temp         000000
__Ltext                                                      text         000000
__Ltext0                                                     text0        000000
__Ltext1                                                     text1        000000
__Ltext10                                                    text10       000000
__Ltext11                                                    text11       000000
__Ltext12                                                    text12       000000
__Ltext13                                                    text13       000000
__Ltext14                                                    text14       000000
__Ltext15                                                    text15       000000
__Ltext16                                                    text16       000000
__Ltext17                                                    text17       000000
__Ltext18                                                    text18       000000
__Ltext19                                                    text19       000000
__Ltext2                                                     text2        000000
__Ltext20                                                    text20       000000
__Ltext21                                                    text21       000000
__Ltext22                                                    text22       000000
__Ltext23                                                    text23       000000
__Ltext24                                                    text24       000000
__Ltext25                                                    text25       000000
__Ltext26                                                    text26       000000
__Ltext27                                                    text27       000000
__Ltext28                                                    text28       000000
__Ltext29                                                    text29       000000
__Ltext3                                                     text3        000000
__Ltext30                                                    text30       000000
__Ltext31                                                    text31       000000
__Ltext4                                                     text4        000000
__Ltext5                                                     text5        000000
__Ltext6                                                     text6        000000
__Ltext7                                                     text7        000000
__Ltext8                                                     text8        000000
__Ltext9                                                     text9        000000
__S0                                                         (abs)        003C3C
__S1                                                         (abs)        000150
__S4                                                         (abs)        000000
__S5                                                         (abs)        000000
___awdiv                                                     text25       0033AA
___awdiv@counter                                             cstackCOMRAM 000005
___awdiv@dividend                                            cstackCOMRAM 000001
___awdiv@divisor                                             cstackCOMRAM 000003
___awdiv@quotient                                            cstackCOMRAM 000007
___awdiv@sign                                                cstackCOMRAM 000006
___awmod                                                     text24       00365E
___awmod@counter                                             cstackCOMRAM 000005
___awmod@dividend                                            cstackCOMRAM 000001
___awmod@divisor                                             cstackCOMRAM 000003
___awmod@sign                                                cstackCOMRAM 000006
___fladd                                                     text18       00134C
___fladd@a                                                   cstackCOMRAM 000005
___fladd@aexp                                                cstackCOMRAM 00000E
___fladd@b                                                   cstackCOMRAM 000001
___fladd@bexp                                                cstackCOMRAM 00000F
___fladd@grs                                                 cstackCOMRAM 000010
___fladd@signs                                               cstackCOMRAM 00000D
___fldiv                                                     text23       0022FC
___fldiv@a                                                   cstackCOMRAM 000005
___fldiv@aexp                                                cstackCOMRAM 000019
___fldiv@b                                                   cstackCOMRAM 000001
___fldiv@bexp                                                cstackCOMRAM 000018
___fldiv@grs                                                 cstackCOMRAM 000014
___fldiv@new_exp                                             cstackCOMRAM 000012
___fldiv@rem                                                 cstackCOMRAM 00000D
___fldiv@sign                                                cstackCOMRAM 000011
___fleq                                                      text22       00373A
___fleq@ff1                                                  cstackCOMRAM 000001
___fleq@ff2                                                  cstackCOMRAM 000005
___flge                                                      text21       003066
___flge@ff1                                                  cstackCOMRAM 000028
___flge@ff2                                                  cstackCOMRAM 00002C
___flmul                                                     text20       001E58
___flmul@a                                                   cstackCOMRAM 000013
___flmul@aexp                                                cstackCOMRAM 000020
___flmul@b                                                   cstackCOMRAM 00000F
___flmul@bexp                                                cstackCOMRAM 000021
___flmul@grs                                                 cstackCOMRAM 00001C
___flmul@prod                                                cstackCOMRAM 000022
___flmul@sign                                                cstackCOMRAM 00001B
___flmul@temp                                                cstackCOMRAM 000026
___flneg                                                     text19       003B44
___flneg@f1                                                  cstackCOMRAM 000001
___flsub                                                     text17       003A76
___flsub@a                                                   cstackCOMRAM 00002C
___flsub@b                                                   cstackCOMRAM 000028
___fltol                                                     text16       002F30
___fltol@exp1                                                cstackCOMRAM 00000A
___fltol@f1                                                  cstackCOMRAM 000001
___fltol@sign1                                               cstackCOMRAM 000009
___fpclassifyf                                               text15       00318E
___fpclassifyf@F465                                          bssBANK0     0000D6
___fpclassifyf@e                                             cstackCOMRAM 000009
___fpclassifyf@u                                             cstackCOMRAM 00000B
___fpclassifyf@x                                             cstackCOMRAM 000001
___heap_hi                                                   (abs)        000000
___heap_lo                                                   (abs)        000000
___inthi_sp                                                  stack        000000
___intlo_sp                                                  stack        000000
___param_bank                                                (abs)        000000
___rparam_used                                               (abs)        000001
___sp                                                        stack        000000
___wmul                                                      text29       003C00
___wmul@multiplicand                                         cstackCOMRAM 000003
___wmul@multiplier                                           cstackCOMRAM 000001
___wmul@product                                              cstackCOMRAM 000005
___xxtofl                                                    text31       002BB0
___xxtofl@arg                                                cstackCOMRAM 00000B
___xxtofl@exp                                                cstackCOMRAM 00000A
___xxtofl@sign                                               cstackCOMRAM 000009
___xxtofl@val                                                cstackCOMRAM 000001
__accesstop                                                  (abs)        000060
__activetblptr                                               (abs)        000002
__cntErrataNOP_C:\Users\User\AppData\Local\Temp\xcAssa4.o    (abs)        000001
__cntErrataNOP_dist/default/production\06_ADC.X.production.o (abs)        0002DA
__end_of___awdiv                                             text25       00349A
__end_of___awmod                                             text24       00373A
__end_of___fladd                                             text18       0018F4
__end_of___fldiv                                             text23       00272E
__end_of___fleq                                              text22       0037FC
__end_of___flge                                              text21       00318E
__end_of___flmul                                             text20       0022FC
__end_of___flneg                                             text19       003B86
__end_of___flsub                                             text17       003AC0
__end_of___fltol                                             text16       003066
__end_of___fpclassifyf                                       text15       0032B0
__end_of___wmul                                              text29       003C2A
__end_of___xxtofl                                            text31       002DA8
__end_of__initialization                                     cinit        003A6C
__end_of_atoi                                                text26       002F30
__end_of_display                                             text30       003C00
__end_of_efgtoa                                              text5        00134C
__end_of_floorf                                              text14       00297E
__end_of_fputc                                               text12       00365E
__end_of_fputs                                               text11       003A2C
__end_of_isdigit                                             text28       003BC8
__end_of_isspace                                             text27       003934
__end_of_isupper                                             text7        003B02
__end_of_main                                                text0        002BB0
__end_of_pad                                                 text9        00357C
__end_of_putch                                               text13       003C3A
__end_of_sprintf                                             text1        00398A
__end_of_strcpy                                              text8        0038D4
__end_of_strlen                                              text10       003B44
__end_of_strncmp                                             text4        0033AA
__end_of_tolower                                             text6        0039DC
__end_of_vfpfcnvrt                                           text3        001E58
__end_of_vfprintf                                            text2        00386C
__initialization                                             cinit        003A2C
__mediumconst                                                mediumconst  000000
__pbssBANK0                                                  bssBANK0     0000D2
__pbssBANK1                                                  bssBANK1     000100
__pbssCOMRAM                                                 bssCOMRAM    00005C
__pcinit                                                     cinit        003A2C
__pcstackBANK0                                               cstackBANK0  000060
__pcstackCOMRAM                                              cstackCOMRAM 000001
__pdataBANK0                                                 dataBANK0    0000DE
__pidataBANK0                                                idataBANK0   003C2A
__psmallconst                                                smallconst   000600
__ptext0                                                     text0        00297E
__ptext1                                                     text1        003934
__ptext10                                                    text10       003B02
__ptext11                                                    text11       0039DC
__ptext12                                                    text12       00357C
__ptext13                                                    text13       003C34
__ptext14                                                    text14       00272E
__ptext15                                                    text15       00318E
__ptext16                                                    text16       002F30
__ptext17                                                    text17       003A76
__ptext18                                                    text18       00134C
__ptext19                                                    text19       003B44
__ptext2                                                     text2        0037FC
__ptext20                                                    text20       001E58
__ptext21                                                    text21       003066
__ptext22                                                    text22       00373A
__ptext23                                                    text23       0022FC
__ptext24                                                    text24       00365E
__ptext25                                                    text25       0033AA
__ptext26                                                    text26       002DA8
__ptext27                                                    text27       0038D4
__ptext28                                                    text28       003B86
__ptext29                                                    text29       003C00
__ptext3                                                     text3        0018F4
__ptext30                                                    text30       003BC8
__ptext31                                                    text31       002BB0
__ptext4                                                     text4        0032B0
__ptext5                                                     text5        00061C
__ptext6                                                     text6        00398A
__ptext7                                                     text7        003AC0
__ptext8                                                     text8        00386C
__ptext9                                                     text9        00349A
__ramtop                                                     ramtop       000600
__smallconst                                                 smallconst   000600
_atoi                                                        text26       002DA8
_dbuf                                                        bssBANK1     000100
_display                                                     text30       003BC8
_efgtoa                                                      text5        00061C
_efgtoa$812                                                  cstackBANK0  000060
_efgtoa$820                                                  cstackBANK0  000062
_efgtoa$821                                                  cstackBANK0  000064
_flags                                                       bssCOMRAM    00005E
_floorf                                                      text14       00272E
_fputc                                                       text12       00357C
_fputs                                                       text11       0039DC
_isdigit                                                     text28       003B86
_isspace                                                     text27       0038D4
_isspace$899                                                 cstackCOMRAM 000007
_isupper                                                     text7        003AC0
_main                                                        text0        00297E
_nout                                                        bssBANK0     0000DA
_pad                                                         text9        00349A
_prec                                                        bssCOMRAM    00005C
_putch                                                       text13       003C34
_sprintf                                                     text1        003934
_strcpy                                                      text8        00386C
_strlen                                                      text10       003B02
_strncmp                                                     text4        0032B0
_tolower                                                     text6        00398A
_vfpfcnvrt                                                   text3        0018F4
_vfprintf                                                    text2        0037FC
_width                                                       bssBANK0     0000DC
atoi@n                                                       cstackCOMRAM 000010
atoi@neg                                                     cstackCOMRAM 00000E
atoi@s                                                       cstackCOMRAM 000008
display@a                                                    cstackCOMRAM 000001
display@b                                                    cstackCOMRAM 000003
efgtoa@c                                                     cstackCOMRAM 00003A
efgtoa@d                                                     cstackBANK0  000072
efgtoa@e                                                     cstackBANK0  00008A
efgtoa@f                                                     cstackCOMRAM 000036
efgtoa@fp                                                    cstackCOMRAM 000034
efgtoa@g                                                     cstackBANK0  000086
efgtoa@h                                                     cstackBANK0  00007C
efgtoa@i                                                     cstackBANK0  000084
efgtoa@l                                                     cstackBANK0  000080
efgtoa@m                                                     cstackBANK0  00006C
efgtoa@mode                                                  cstackBANK0  00007B
efgtoa@n                                                     cstackBANK0  00008C
efgtoa@ne                                                    cstackBANK0  00006A
efgtoa@nmode                                                 cstackBANK0  00007A
efgtoa@ou                                                    cstackBANK0  00006E
efgtoa@p                                                     cstackBANK0  000076
efgtoa@pp                                                    cstackBANK0  000068
efgtoa@sign                                                  cstackBANK0  000074
efgtoa@t                                                     cstackBANK0  000066
efgtoa@u                                                     cstackBANK0  00008E
efgtoa@w                                                     cstackBANK0  000078
end_of_initialization                                        cinit        003A6C
floorf@F526                                                  bssBANK0     0000D2
floorf@e                                                     cstackCOMRAM 000028
floorf@m                                                     cstackCOMRAM 000024
floorf@u                                                     cstackCOMRAM 00002A
floorf@x                                                     cstackCOMRAM 00001A
fputc@c                                                      cstackCOMRAM 000001
fputc@fp                                                     cstackCOMRAM 000003
fputs@c                                                      cstackCOMRAM 00000E
fputs@fp                                                     cstackCOMRAM 00000C
fputs@i                                                      cstackCOMRAM 00000F
fputs@s                                                      cstackCOMRAM 00000A
intlevel0                                                    text         003C3A
intlevel1                                                    text         003C3A
intlevel2                                                    text         003C3A
intlevel3                                                    text         003C3A
isa$std                                                      (abs)        000001
isa$xinst                                                    (abs)        000000
isdigit@c                                                    cstackCOMRAM 000001
isspace@c                                                    cstackCOMRAM 000001
isupper@c                                                    cstackCOMRAM 000001
main@F6019                                                   dataBANK0    0000DE
main@array                                                   cstackBANK0  0000B8
main@i                                                       cstackBANK0  0000D0
main@j                                                       cstackBANK0  0000CE
main@my_adresh                                               cstackBANK0  0000C6
main@var                                                     cstackBANK0  0000C2
main@volt                                                    cstackBANK0  0000AF
main@voltage                                                 cstackBANK0  0000CA
pad@buf                                                      cstackCOMRAM 000013
pad@fp                                                       cstackCOMRAM 000011
pad@i                                                        cstackCOMRAM 000018
pad@p                                                        cstackCOMRAM 000015
pad@w                                                        cstackCOMRAM 00001A
sprintf@ap                                                   cstackBANK0  00009A
sprintf@f                                                    cstackBANK0  00009C
sprintf@fmt                                                  cstackBANK0  000094
sprintf@s                                                    cstackBANK0  000092
stackhi                                                      (abs)        000000
stacklo                                                      (abs)        000000
start                                                        init         000002
start_initialization                                         cinit        003A2C
strcpy@d                                                     cstackCOMRAM 000009
strcpy@dest                                                  cstackCOMRAM 000001
strcpy@s                                                     cstackCOMRAM 000007
strcpy@src                                                   cstackCOMRAM 000003
strlen@a                                                     cstackCOMRAM 000003
strlen@s                                                     cstackCOMRAM 000001
strncmp@_l                                                   cstackCOMRAM 000001
strncmp@_r                                                   cstackCOMRAM 000003
strncmp@l                                                    cstackCOMRAM 000008
strncmp@n                                                    cstackCOMRAM 000005
strncmp@r                                                    cstackCOMRAM 00000A
tolower@c                                                    cstackCOMRAM 000007
vfpfcnvrt@ap                                                 cstackCOMRAM 000044
vfpfcnvrt@c                                                  cstackCOMRAM 000053
vfpfcnvrt@ct                                                 cstackCOMRAM 000050
vfpfcnvrt@done                                               cstackCOMRAM 00004A
vfpfcnvrt@f                                                  cstackCOMRAM 00004C
vfpfcnvrt@fmt                                                cstackCOMRAM 000042
vfpfcnvrt@fp                                                 cstackCOMRAM 000040
vfprintf@ap                                                  cstackCOMRAM 000058
vfprintf@cfmt                                                cstackCOMRAM 00005A
vfprintf@fmt                                                 cstackCOMRAM 000056
vfprintf@fp                                                  cstackCOMRAM 000054


MODULE INFORMATION

Module		Function		Class		Link	Load	Size
C:\Program Files\Microchip\xc8\v2.36\pic\sources\c99\common\putch.c
		_putch         		CODE           	3C34	0000	6

C:\Program Files\Microchip\xc8\v2.36\pic\sources\c99\common\putch.c estimated size: 6

C:\Program Files\Microchip\xc8\v2.36\pic\sources\c99\common\nf_fputs.c
		_fputs         		CODE           	39DC	0000	80

C:\Program Files\Microchip\xc8\v2.36\pic\sources\c99\common\nf_fputs.c estimated size: 80

C:\Program Files\Microchip\xc8\v2.36\pic\sources\c99\common\strncmp.c
		_strncmp       		CODE           	32B0	0000	250

C:\Program Files\Microchip\xc8\v2.36\pic\sources\c99\common\strncmp.c estimated size: 250

C:\Program Files\Microchip\xc8\v2.36\pic\sources\c99\common\tolower.c
		_tolower       		CODE           	398A	0000	82

C:\Program Files\Microchip\xc8\v2.36\pic\sources\c99\common\tolower.c estimated size: 82

C:\Program Files\Microchip\xc8\v2.36\pic\sources\c99\common\__fpclassifyf.c
		___fpclassifyf 		CODE           	318E	0000	290

C:\Program Files\Microchip\xc8\v2.36\pic\sources\c99\common\__fpclassifyf.c estimated size: 290

C:\Program Files\Microchip\xc8\v2.36\pic\sources\c99\common\sprcmul.c
		___flmul       		CODE           	1E58	0000	1188

C:\Program Files\Microchip\xc8\v2.36\pic\sources\c99\common\sprcmul.c estimated size: 1188

C:\Program Files\Microchip\xc8\v2.36\pic\sources\c99\common\floorf.c
		_floorf        		CODE           	272E	0000	592

C:\Program Files\Microchip\xc8\v2.36\pic\sources\c99\common\floorf.c estimated size: 592

C:\Program Files\Microchip\xc8\v2.36\pic\sources\c99\common\sprcdiv.c
		___fldiv       		CODE           	22FC	0000	1074

C:\Program Files\Microchip\xc8\v2.36\pic\sources\c99\common\sprcdiv.c estimated size: 1074

C:\Program Files\Microchip\xc8\v2.36\pic\sources\c99\common\atoi.c
		_atoi          		CODE           	2DA8	0000	392

C:\Program Files\Microchip\xc8\v2.36\pic\sources\c99\common\atoi.c estimated size: 392

C:\Program Files\Microchip\xc8\v2.36\pic\sources\c99\common\fleq.c
		___fleq        		CODE           	373A	0000	194

C:\Program Files\Microchip\xc8\v2.36\pic\sources\c99\common\fleq.c estimated size: 194

C:\Program Files\Microchip\xc8\v2.36\pic\sources\c99\common\awmod.c
		___awmod       		CODE           	365E	0000	220

C:\Program Files\Microchip\xc8\v2.36\pic\sources\c99\common\awmod.c estimated size: 220

C:\Program Files\Microchip\xc8\v2.36\pic\sources\c99\common\nf_sprintf.c
		_sprintf       		CODE           	3934	0000	86

C:\Program Files\Microchip\xc8\v2.36\pic\sources\c99\common\nf_sprintf.c estimated size: 86

C:\Program Files\Microchip\xc8\v2.36\pic\sources\c99\common\isspace.c
		_isspace       		CODE           	38D4	0000	96

C:\Program Files\Microchip\xc8\v2.36\pic\sources\c99\common\isspace.c estimated size: 96

C:\Program Files\Microchip\xc8\v2.36\pic\sources\c99\common\xxtofl.c
		___xxtofl      		CODE           	2BB0	0000	504

C:\Program Files\Microchip\xc8\v2.36\pic\sources\c99\common\xxtofl.c estimated size: 504

C:\Program Files\Microchip\xc8\v2.36\pic\sources\c99\common\strlen.c
		_strlen        		CODE           	3B02	0000	66

C:\Program Files\Microchip\xc8\v2.36\pic\sources\c99\common\strlen.c estimated size: 66

C:\Program Files\Microchip\xc8\v2.36\pic\sources\c99\common\strcpy.c
		_strcpy        		CODE           	386C	0000	104

C:\Program Files\Microchip\xc8\v2.36\pic\sources\c99\common\strcpy.c estimated size: 104

C:\Program Files\Microchip\xc8\v2.36\pic\sources\c99\common\nf_fputc.c
		_fputc         		CODE           	357C	0000	226

C:\Program Files\Microchip\xc8\v2.36\pic\sources\c99\common\nf_fputc.c estimated size: 226

C:\Program Files\Microchip\xc8\v2.36\pic\sources\c99\common\isdigit.c
		_isdigit       		CODE           	3B86	0000	66

C:\Program Files\Microchip\xc8\v2.36\pic\sources\c99\common\isdigit.c estimated size: 66

C:\Program Files\Microchip\xc8\v2.36\pic\sources\c99\common\sprcadd.c
		___flsub       		CODE           	3A76	0000	74
		___fladd       		CODE           	134C	0000	1448

C:\Program Files\Microchip\xc8\v2.36\pic\sources\c99\common\sprcadd.c estimated size: 1522

C:\Program Files\Microchip\xc8\v2.36\pic\sources\c99\common\awdiv.c
		___awdiv       		CODE           	33AA	0000	240

C:\Program Files\Microchip\xc8\v2.36\pic\sources\c99\common\awdiv.c estimated size: 240

C:\Program Files\Microchip\xc8\v2.36\pic\sources\c99\common\doprnt.c
		_vfpfcnvrt     		CODE           	18F4	0000	1380
		_efgtoa        		CODE           	061C	0000	3376
		_pad           		CODE           	349A	0000	226
		_vfprintf      		CODE           	37FC	0000	112

C:\Program Files\Microchip\xc8\v2.36\pic\sources\c99\common\doprnt.c estimated size: 5094

C:\Program Files\Microchip\xc8\v2.36\pic\sources\c99\common\fltol.c
		___fltol       		CODE           	2F30	0000	310

C:\Program Files\Microchip\xc8\v2.36\pic\sources\c99\common\fltol.c estimated size: 310

shared
		__initialization		CODE           	3A2C	0000	64

shared estimated size: 64

ADC.c
		_display       		CODE           	3BC8	0000	56
		_main          		CODE           	297E	0000	562

ADC.c estimated size: 618

C:\Program Files\Microchip\xc8\v2.36\pic\sources\c99\common\flge.c
		___flge        		CODE           	3066	0000	296

C:\Program Files\Microchip\xc8\v2.36\pic\sources\c99\common\flge.c estimated size: 296

C:\Program Files\Microchip\xc8\v2.36\pic\sources\c99\common\Umul16.c
		___wmul        		CODE           	3C00	0000	42

C:\Program Files\Microchip\xc8\v2.36\pic\sources\c99\common\Umul16.c estimated size: 42

C:\Program Files\Microchip\xc8\v2.36\pic\sources\c99\common\flneg.c
		___flneg       		CODE           	3B44	0000	66

C:\Program Files\Microchip\xc8\v2.36\pic\sources\c99\common\flneg.c estimated size: 66

C:\Program Files\Microchip\xc8\v2.36\pic\sources\c99\common\isupper.c
		_isupper       		CODE           	3AC0	0000	66

C:\Program Files\Microchip\xc8\v2.36\pic\sources\c99\common\isupper.c estimated size: 66

