Microchip MPLAB XC8 Compiler V2.36

Linker command line:

-W-3 --edf=C:\Program Files\Microchip\xc8\v2.36\pic\dat\en_msgs.txt -cn \
  -h+dist/default/production\07_Timer.X.production.sym \
  --cmf=dist/default/production\07_Timer.X.production.cmf -z -Q18F458 \
  -oC:\Users\User\AppData\Local\Temp\xcAs8lk.5 --defsym=__MPLAB_BUILD=1 \
  -Mdist/default/production/07_Timer.X.production.map \
  --md=C:\Users\User\AppData\Local\Temp\xcAs8lk.dat -E1 -ver=XC8 Compiler \
  --acfsm=1493 -ACODE=00h-03FFFhx2 -ACONST=00h-07FFFh \
  -ASMALLCONST=0600h-06FFhx122 -AMEDIUMCONST=0600h-07FFFh -ACOMRAM=01h-05Fh \
  -AABS1=00h-05FFh -ABIGRAM=01h-05FFh -ARAM=060h-0FFh,0100h-01FFhx5 \
  -ABANK0=060h-0FFh -ABANK1=0100h-01FFh -ABANK2=0200h-02FFh \
  -ABANK3=0300h-03FFh -ABANK4=0400h-04FFh -ABANK5=0500h-05FFh \
  -ASFR=0F00h-0F5Fh,0F60h-0FFFh -ABIGSFR=0F00h-0FFFh \
  -ACONFIG=0300000h-030000Dh -AIDLOC=0200000h-0200007h \
  -AEEDATA=0F00000h-0F000FFh -peeprom_data=EEDATA \
  -preset_vec=00h,intcode=08h,intcodelo,powerup,init -pramtop=0600h \
  -psmallconst=SMALLCONST -pmediumconst=MEDIUMCONST -pconst=CONST \
  -AFARRAM=00h-00h \
  -prdata=COMRAM,nvrram=COMRAM,nvbit=COMRAM,rbss=COMRAM,rbit=COMRAM \
  -pfarbss=FARRAM,fardata=FARRAM,nvFARRAM=FARRAM \
  -pintsave_regs=BIGRAM,bigbss=BIGRAM,bigdata=BIGRAM -pbss=RAM \
  -pidata=CODE,irdata=CODE,ibigdata=CODE,ifardata=CODE -prparam=COMRAM \
  C:\Users\User\AppData\Local\Temp\xcAs8lk.o \
  dist/default/production\07_Timer.X.production.o 

Object code version is 3.11

Machine type is 18F458



                Name                               Link     Load   Length Selector   Space Scale
C:\Users\User\AppData\Local\Temp\xcAs8lk.o
                idloc                            200000   200000        8        0       5
                config                           300000   300000        E        0       4
                text                                 AA       AA        2        4       0
                init                                 2C       2C        4        4       0
                reset_vec                             0        0        6        0       0
dist/default/production\07_Timer.X.production.o
                intcode                               8        8       24        4       0
                idloc                            200000   200000        8        0       5
                config                           300000   300000        E        0       4
                temp                                  4        4        1        1       1
                text0                                30       30       6A        4       0
                bssCOMRAM                             1        1        3        1       1
                cinit                                9A       9A       10        4       0

TOTAL           Name                               Link     Load   Length     Space
        CLASS   CODE           
                intcode                               8        8       24         0
                text                                 AA       AA        2         0
                init                                 2C       2C        4         0
                reset_vec                             0        0        6         0
                text0                                30       30       6A         0
                cinit                                9A       9A       10         0

        CLASS   CONST          

        CLASS   SMALLCONST     

        CLASS   MEDIUMCONST    

        CLASS   COMRAM         
                temp                                  4        4        1         1
                bssCOMRAM                             1        1        3         1

        CLASS   ABS1           

        CLASS   BIGRAM         

        CLASS   RAM            

        CLASS   BANK0          

        CLASS   BANK1          

        CLASS   BANK2          

        CLASS   BANK3          

        CLASS   BANK4          

        CLASS   BANK5          

        CLASS   SFR            

        CLASS   BIGSFR         

        CLASS   CONFIG         
                config                           300000   300000        E         4

        CLASS   IDLOC          
                idloc                            200000   200000        8         5

        CLASS   EEDATA         

        CLASS   FARRAM         

        CLASS   HEAP           

        CLASS   STACK          



SEGMENTS        Name                           Load    Length   Top    Selector   Space  Class

                reset_vec                      000000  000006  000006         0       0  CODE    
                bssCOMRAM                      000001  000004  000005         1       1  COMRAM  
                intcode                        000008  0000A4  0000AC         4       0  CODE    


UNUSED ADDRESS RANGES

        Name                Unused          Largest block    Delta
        BANK0            000060-0000FF               A0
        BANK1            000100-0001FF              100
        BANK2            000200-0002FF              100
        BANK3            000300-0003FF              100
        BANK4            000400-0004FF              100
        BANK5            000500-0005FF              100
        BIGRAM           000005-0005FF              5FB
        BIGSFR           000F00-000FFF              100
        CODE             000006-000007                2
                         0000AC-007FFF             3F54
        COMRAM           000005-00005F               5B
        CONST            000006-000007                2
                         0000AC-007FFF             7F54
        EEDATA           F00000-F000FF              100
        MEDIUMCONST      000600-007FFF             7A00
        RAM              000060-0005FF              100
        SFR              000F00-000FFF               60
        SMALLCONST       000600-007FFF              100

                                  Symbol Table

_INTCON                                                        (abs)        000FF2
_ISR1                                                          intcode      000008
_PORTDbits                                                     (abs)        000F83
_T0CON                                                         (abs)        000FD5
_TMR0                                                          (abs)        000FD6
_TMR0IF                                                        (abs)        007F92
_TRISDbits                                                     (abs)        000F95
__HRAM                                                         (abs)        000000
__Habs1                                                        abs1         000000
__Hbank0                                                       bank0        000000
__Hbank1                                                       bank1        000000
__Hbank2                                                       bank2        000000
__Hbank3                                                       bank3        000000
__Hbank4                                                       bank4        000000
__Hbank5                                                       bank5        000000
__Hbigbss                                                      bigbss       000000
__Hbigdata                                                     bigdata      000000
__Hbigram                                                      bigram       000000
__Hbigsfr                                                      bigsfr       000000
__Hbss                                                         bss          000000
__HbssCOMRAM                                                   bssCOMRAM    000000
__Hcinit                                                       cinit        000000
__Hclrtext                                                     clrtext      000000
__Hcomram                                                      comram       000000
__Hconfig                                                      config       30000E
__Hconst                                                       const        000000
__HcstackCOMRAM                                                cstackCOMRAM 000000
__Hdata                                                        data         000000
__Heeprom_data                                                 eeprom_data  000000
__Hfarbss                                                      farbss       000000
__Hfardata                                                     fardata      000000
__Hheap                                                        heap         000000
__Hibigdata                                                    ibigdata     000000
__Hidata                                                       idata        000000
__Hidloc                                                       idloc        200008
__Hifardata                                                    ifardata     000000
__Hinit                                                        init         000030
__Hintcode                                                     intcode      00002C
__Hintcode_body                                                intcode_body 000000
__Hintcodelo                                                   intcodelo    00002C
__Hintentry                                                    intentry     000000
__Hintret                                                      intret       000000
__Hintsave_regs                                                intsave_regs 000000
__Hirdata                                                      irdata       000000
__Hmediumconst                                                 mediumconst  000000
__HnvFARRAM                                                    nvFARRAM     000000
__Hnvbit                                                       nvbit        000000
__Hnvrram                                                      nvrram       000000
__Hparam                                                       rparam       000000
__Hpowerup                                                     powerup      00002C
__Hram                                                         ram          000000
__Hramtop                                                      ramtop       000600
__Hrbit                                                        rbit         000000
__Hrbss                                                        rbss         000000
__Hrdata                                                       rdata        000000
__Hreset_vec                                                   reset_vec    000006
__Hrparam                                                      rparam       000000
__Hsfr                                                         sfr          000000
__Hsmallconst                                                  smallconst   000000
__Hspace_0                                                     (abs)        000600
__Hspace_1                                                     (abs)        000005
__Hspace_2                                                     (abs)        000000
__Hspace_4                                                     (abs)        60000E
__Hstack                                                       stack        000000
__Hstruct                                                      struct       000000
__Htemp                                                        temp         000005
__Htext                                                        text         000000
__Htext0                                                       text0        000000
__LRAM                                                         (abs)        000001
__Labs1                                                        abs1         000000
__Lbank0                                                       bank0        000000
__Lbank1                                                       bank1        000000
__Lbank2                                                       bank2        000000
__Lbank3                                                       bank3        000000
__Lbank4                                                       bank4        000000
__Lbank5                                                       bank5        000000
__Lbigbss                                                      bigbss       000000
__Lbigdata                                                     bigdata      000000
__Lbigram                                                      bigram       000000
__Lbigsfr                                                      bigsfr       000000
__Lbss                                                         bss          000000
__LbssCOMRAM                                                   bssCOMRAM    000000
__Lcinit                                                       cinit        000000
__Lclrtext                                                     clrtext      000000
__Lcomram                                                      comram       000000
__Lconfig                                                      config       000000
__Lconst                                                       const        000000
__LcstackCOMRAM                                                cstackCOMRAM 000000
__Ldata                                                        data         000000
__Leeprom_data                                                 eeprom_data  000000
__Lfarbss                                                      farbss       000000
__Lfardata                                                     fardata      000000
__Lheap                                                        heap         000000
__Libigdata                                                    ibigdata     000000
__Lidata                                                       idata        000000
__Lidloc                                                       idloc        000000
__Lifardata                                                    ifardata     000000
__Linit                                                        init         00002C
__Lintcode                                                     intcode      000008
__Lintcode_body                                                intcode_body 000000
__Lintcodelo                                                   intcodelo    00002C
__Lintentry                                                    intentry     000000
__Lintret                                                      intret       000000
__Lintsave_regs                                                intsave_regs 000000
__Lirdata                                                      irdata       000000
__Lmediumconst                                                 mediumconst  000000
__LnvFARRAM                                                    nvFARRAM     000000
__Lnvbit                                                       nvbit        000000
__Lnvrram                                                      nvrram       000000
__Lparam                                                       rparam       000000
__Lpowerup                                                     powerup      00002C
__Lram                                                         ram          000000
__Lramtop                                                      ramtop       000600
__Lrbit                                                        rbit         000000
__Lrbss                                                        rbss         000000
__Lrdata                                                       rdata        000000
__Lreset_vec                                                   reset_vec    000000
__Lrparam                                                      rparam       000000
__Lsfr                                                         sfr          000000
__Lsmallconst                                                  smallconst   000000
__Lspace_0                                                     (abs)        000000
__Lspace_1                                                     (abs)        000000
__Lspace_2                                                     (abs)        000000
__Lspace_4                                                     (abs)        000000
__Lstack                                                       stack        000000
__Lstruct                                                      struct       000000
__Ltemp                                                        temp         000004
__Ltext                                                        text         000000
__Ltext0                                                       text0        000000
__S0                                                           (abs)        0000AC
__S1                                                           (abs)        000005
__S4                                                           (abs)        000000
__S5                                                           (abs)        000000
___heap_hi                                                     (abs)        000000
___heap_lo                                                     (abs)        000000
___inthi_sp                                                    stack        000000
___intlo_sp                                                    stack        000000
___param_bank                                                  (abs)        000000
___rparam_used                                                 (abs)        000001
___sp                                                          stack        000000
__accesstop                                                    (abs)        000060
__activetblptr                                                 (abs)        000000
__cntErrataNOP_C:\Users\User\AppData\Local\Temp\xcAs8lk.o      (abs)        000001
__cntErrataNOP_dist/default/production\07_Timer.X.production.o (abs)        00000F
__end_of_ISR1                                                  intcode      00002A
__end_of__initialization                                       cinit        0000A0
__end_of_main                                                  text0        00009A
__initialization                                               cinit        00009A
__mediumconst                                                  mediumconst  000000
__pbssCOMRAM                                                   bssCOMRAM    000001
__pcinit                                                       cinit        00009A
__pcstackCOMRAM                                                cstackCOMRAM 000000
__pintcode                                                     intcode      000008
__ptext0                                                       text0        000030
__ramtop                                                       ramtop       000600
__smallconst                                                   smallconst   000000
_flag                                                          bssCOMRAM    000001
_i                                                             bssCOMRAM    000003
_main                                                          text0        000030
btemp                                                          temp         000004
end_of_initialization                                          cinit        0000A0
int$flags                                                      temp         000004
intlevel0                                                      text         0000AA
intlevel1                                                      text         0000AA
intlevel2                                                      text         0000AA
intlevel3                                                      text         0000AA
isa$std                                                        (abs)        000001
isa$xinst                                                      (abs)        000000
stackhi                                                        (abs)        000000
stacklo                                                        (abs)        000000
start                                                          init         00002C
start_initialization                                           cinit        00009A
ttemp5                                                         temp         000005
ttemp6                                                         temp         000008
ttemp7                                                         temp         00000C
wtemp8                                                         temp         000005


MODULE INFORMATION

Module		Function		Class		Link	Load	Size
Timer.c
		_main          		CODE           	0030	0000	106
		_ISR1          		CODE           	0008	0000	34

Timer.c estimated size: 140

shared
		__initialization		CODE           	009A	0000	6

shared estimated size: 6

