Microchip MPLAB XC8 Compiler V2.36

Linker command line:

-W-3 --edf=C:\Program Files\Microchip\xc8\v2.36\pic\dat\en_msgs.txt -cn \
  -h+dist/default/production\I2c_slave.X.production.sym \
  --cmf=dist/default/production\I2c_slave.X.production.cmf -z -Q18F458 \
  -oC:\Users\User\AppData\Local\Temp\xcAs9h8.4 --defsym=__MPLAB_BUILD=1 \
  -Mdist/default/production/I2c_slave.X.production.map \
  --md=C:\Users\User\AppData\Local\Temp\xcAs9h8.dat -E1 -ver=XC8 Compiler \
  --acfsm=1493 -ACODE=00h-03FFFhx2 -ACONST=00h-07FFFh \
  -ASMALLCONST=0600h-06FFhx122 -AMEDIUMCONST=0600h-07FFFh -ACOMRAM=01h-05Fh \
  -AABS1=00h-05FFh -ABIGRAM=01h-05FFh -ARAM=060h-0FFh,0100h-01FFhx5 \
  -ABANK0=060h-0FFh -ABANK1=0100h-01FFh -ABANK2=0200h-02FFh \
  -ABANK3=0300h-03FFh -ABANK4=0400h-04FFh -ABANK5=0500h-05FFh \
  -ASFR=0F00h-0F5Fh,0F60h-0FFFh -ABIGSFR=0F00h-0FFFh \
  -ACONFIG=0300000h-030000Dh -AIDLOC=0200000h-0200007h \
  -AEEDATA=0F00000h-0F000FFh -peeprom_data=EEDATA \
  -preset_vec=00h,intcode=08h,intcodelo,powerup,init -pramtop=0600h \
  -psmallconst=SMALLCONST -pmediumconst=MEDIUMCONST -pconst=CONST \
  -AFARRAM=00h-00h \
  -prdata=COMRAM,nvrram=COMRAM,nvbit=COMRAM,rbss=COMRAM,rbit=COMRAM \
  -pfarbss=FARRAM,fardata=FARRAM,nvFARRAM=FARRAM \
  -pintsave_regs=BIGRAM,bigbss=BIGRAM,bigdata=BIGRAM -pbss=RAM \
  -pidata=CODE,irdata=CODE,ibigdata=CODE,ifardata=CODE -prparam=COMRAM \
  C:\Users\User\AppData\Local\Temp\xcAs9h8.o \
  dist/default/production\I2c_slave.X.production.o 

Object code version is 3.11

Machine type is 18F458



                Name                               Link     Load   Length Selector   Space Scale
C:\Users\User\AppData\Local\Temp\xcAs9h8.o
                idloc                            200000   200000        8        0       5
                config                           300000   300000        E        0       4
                text                                 AE       AE        2        4       0
                init                                 60       60        4        4       0
                reset_vec                             0        0        6        0       0
dist/default/production\I2c_slave.X.production.o
                intcode                               8        8       58        4       0
                idloc                            200000   200000        8        0       5
                config                           300000   300000        E        0       4
                temp                                  3        3        1        1       1
                text1                                64       64       24        4       0
                text0                                88       88       1A        4       0
                cstackCOMRAM                          2        2        1        1       1
                bssCOMRAM                             1        1        1        1       1
                cinit                                A2       A2        C        4       0

TOTAL           Name                               Link     Load   Length     Space
        CLASS   CODE           
                intcode                               8        8       58         0
                text                                 AE       AE        2         0
                init                                 60       60        4         0
                reset_vec                             0        0        6         0
                text1                                64       64       24         0
                text0                                88       88       1A         0
                cinit                                A2       A2        C         0

        CLASS   CONST          

        CLASS   SMALLCONST     

        CLASS   MEDIUMCONST    

        CLASS   COMRAM         
                temp                                  3        3        1         1
                cstackCOMRAM                          2        2        1         1
                bssCOMRAM                             1        1        1         1

        CLASS   ABS1           

        CLASS   BIGRAM         

        CLASS   RAM            

        CLASS   BANK0          

        CLASS   BANK1          

        CLASS   BANK2          

        CLASS   BANK3          

        CLASS   BANK4          

        CLASS   BANK5          

        CLASS   SFR            

        CLASS   BIGSFR         

        CLASS   CONFIG         
                config                           300000   300000        E         4

        CLASS   IDLOC          
                idloc                            200000   200000        8         5

        CLASS   EEDATA         

        CLASS   FARRAM         

        CLASS   HEAP           

        CLASS   STACK          



SEGMENTS        Name                           Load    Length   Top    Selector   Space  Class

                reset_vec                      000000  000006  000006         0       0  CODE    
                bssCOMRAM                      000001  000003  000004         1       1  COMRAM  
                intcode                        000008  0000A8  0000B0         4       0  CODE    


UNUSED ADDRESS RANGES

        Name                Unused          Largest block    Delta
        BANK0            000060-0000FF               A0
        BANK1            000100-0001FF              100
        BANK2            000200-0002FF              100
        BANK3            000300-0003FF              100
        BANK4            000400-0004FF              100
        BANK5            000500-0005FF              100
        BIGRAM           000004-0005FF              5FC
        BIGSFR           000F00-000FFF              100
        CODE             000006-000007                2
                         0000B0-007FFF             3F50
        COMRAM           000004-00005F               5C
        CONST            000006-000007                2
                         0000B0-007FFF             7F50
        EEDATA           F00000-F000FF              100
        MEDIUMCONST      000600-007FFF             7A00
        RAM              000060-0005FF              100
        SFR              000F00-000FFF               60
        SMALLCONST       000600-007FFF              100

                                  Symbol Table

I2C_Slave_Init@Address                                          cstackCOMRAM 000002
_BF                                                             (abs)        007E38
_CKP                                                            (abs)        007E34
_GIE                                                            (abs)        007F97
_I2C_Slave_Init                                                 text1        000064
_ISR                                                            intcode      000008
_PEIE                                                           (abs)        007F96
_PORTD                                                          (abs)        000F83
_RX_Data                                                        bssCOMRAM    000001
_R_nW                                                           (abs)        007E3A
_SSPADD                                                         (abs)        000FC8
_SSPBUF                                                         (abs)        000FC9
_SSPCON1                                                        (abs)        000FC6
_SSPCON2                                                        (abs)        000FC5
_SSPIE                                                          (abs)        007CEB
_SSPIF                                                          (abs)        007CF3
_SSPSTAT                                                        (abs)        000FC7
_TRISC3                                                         (abs)        007CA3
_TRISC4                                                         (abs)        007CA4
_TRISD                                                          (abs)        000F95
__HRAM                                                          (abs)        000000
__Habs1                                                         abs1         000000
__Hbank0                                                        bank0        000000
__Hbank1                                                        bank1        000000
__Hbank2                                                        bank2        000000
__Hbank3                                                        bank3        000000
__Hbank4                                                        bank4        000000
__Hbank5                                                        bank5        000000
__Hbigbss                                                       bigbss       000000
__Hbigdata                                                      bigdata      000000
__Hbigram                                                       bigram       000000
__Hbigsfr                                                       bigsfr       000000
__Hbss                                                          bss          000000
__HbssCOMRAM                                                    bssCOMRAM    000000
__Hcinit                                                        cinit        000000
__Hclrtext                                                      clrtext      000000
__Hcomram                                                       comram       000000
__Hconfig                                                       config       30000E
__Hconst                                                        const        000000
__HcstackCOMRAM                                                 cstackCOMRAM 000000
__Hdata                                                         data         000000
__Heeprom_data                                                  eeprom_data  000000
__Hfarbss                                                       farbss       000000
__Hfardata                                                      fardata      000000
__Hheap                                                         heap         000000
__Hibigdata                                                     ibigdata     000000
__Hidata                                                        idata        000000
__Hidloc                                                        idloc        200008
__Hifardata                                                     ifardata     000000
__Hinit                                                         init         000064
__Hintcode                                                      intcode      000060
__Hintcode_body                                                 intcode_body 000000
__Hintcodelo                                                    intcodelo    000060
__Hintentry                                                     intentry     000000
__Hintret                                                       intret       000000
__Hintsave_regs                                                 intsave_regs 000000
__Hirdata                                                       irdata       000000
__Hmediumconst                                                  mediumconst  000000
__HnvFARRAM                                                     nvFARRAM     000000
__Hnvbit                                                        nvbit        000000
__Hnvrram                                                       nvrram       000000
__Hparam                                                        rparam       000000
__Hpowerup                                                      powerup      000060
__Hram                                                          ram          000000
__Hramtop                                                       ramtop       000600
__Hrbit                                                         rbit         000000
__Hrbss                                                         rbss         000000
__Hrdata                                                        rdata        000000
__Hreset_vec                                                    reset_vec    000006
__Hrparam                                                       rparam       000000
__Hsfr                                                          sfr          000000
__Hsmallconst                                                   smallconst   000000
__Hspace_0                                                      (abs)        000600
__Hspace_1                                                      (abs)        000004
__Hspace_2                                                      (abs)        000000
__Hspace_4                                                      (abs)        60000E
__Hstack                                                        stack        000000
__Hstruct                                                       struct       000000
__Htemp                                                         temp         000004
__Htext                                                         text         000000
__Htext0                                                        text0        000000
__Htext1                                                        text1        000000
__LRAM                                                          (abs)        000001
__Labs1                                                         abs1         000000
__Lbank0                                                        bank0        000000
__Lbank1                                                        bank1        000000
__Lbank2                                                        bank2        000000
__Lbank3                                                        bank3        000000
__Lbank4                                                        bank4        000000
__Lbank5                                                        bank5        000000
__Lbigbss                                                       bigbss       000000
__Lbigdata                                                      bigdata      000000
__Lbigram                                                       bigram       000000
__Lbigsfr                                                       bigsfr       000000
__Lbss                                                          bss          000000
__LbssCOMRAM                                                    bssCOMRAM    000000
__Lcinit                                                        cinit        000000
__Lclrtext                                                      clrtext      000000
__Lcomram                                                       comram       000000
__Lconfig                                                       config       000000
__Lconst                                                        const        000000
__LcstackCOMRAM                                                 cstackCOMRAM 000000
__Ldata                                                         data         000000
__Leeprom_data                                                  eeprom_data  000000
__Lfarbss                                                       farbss       000000
__Lfardata                                                      fardata      000000
__Lheap                                                         heap         000000
__Libigdata                                                     ibigdata     000000
__Lidata                                                        idata        000000
__Lidloc                                                        idloc        000000
__Lifardata                                                     ifardata     000000
__Linit                                                         init         000060
__Lintcode                                                      intcode      000008
__Lintcode_body                                                 intcode_body 000000
__Lintcodelo                                                    intcodelo    000060
__Lintentry                                                     intentry     000000
__Lintret                                                       intret       000000
__Lintsave_regs                                                 intsave_regs 000000
__Lirdata                                                       irdata       000000
__Lmediumconst                                                  mediumconst  000000
__LnvFARRAM                                                     nvFARRAM     000000
__Lnvbit                                                        nvbit        000000
__Lnvrram                                                       nvrram       000000
__Lparam                                                        rparam       000000
__Lpowerup                                                      powerup      000060
__Lram                                                          ram          000000
__Lramtop                                                       ramtop       000600
__Lrbit                                                         rbit         000000
__Lrbss                                                         rbss         000000
__Lrdata                                                        rdata        000000
__Lreset_vec                                                    reset_vec    000000
__Lrparam                                                       rparam       000000
__Lsfr                                                          sfr          000000
__Lsmallconst                                                   smallconst   000000
__Lspace_0                                                      (abs)        000000
__Lspace_1                                                      (abs)        000000
__Lspace_2                                                      (abs)        000000
__Lspace_4                                                      (abs)        000000
__Lstack                                                        stack        000000
__Lstruct                                                       struct       000000
__Ltemp                                                         temp         000003
__Ltext                                                         text         000000
__Ltext0                                                        text0        000000
__Ltext1                                                        text1        000000
__S0                                                            (abs)        0000B0
__S1                                                            (abs)        000004
__S4                                                            (abs)        000000
__S5                                                            (abs)        000000
___heap_hi                                                      (abs)        000000
___heap_lo                                                      (abs)        000000
___inthi_sp                                                     stack        000000
___intlo_sp                                                     stack        000000
___param_bank                                                   (abs)        000000
___rparam_used                                                  (abs)        000001
___sp                                                           stack        000000
__accesstop                                                     (abs)        000060
__activetblptr                                                  (abs)        000000
__cntErrataNOP_C:\Users\User\AppData\Local\Temp\xcAs9h8.o       (abs)        000001
__cntErrataNOP_dist/default/production\I2c_slave.X.production.o (abs)        00000E
__end_of_I2C_Slave_Init                                         text1        000088
__end_of_ISR                                                    intcode      00005E
__end_of__initialization                                        cinit        0000A4
__end_of_main                                                   text0        0000A2
__initialization                                                cinit        0000A2
__mediumconst                                                   mediumconst  000000
__pbssCOMRAM                                                    bssCOMRAM    000001
__pcinit                                                        cinit        0000A2
__pcstackCOMRAM                                                 cstackCOMRAM 000002
__pintcode                                                      intcode      000008
__ptext0                                                        text0        000088
__ptext1                                                        text1        000064
__ramtop                                                        ramtop       000600
__smallconst                                                    smallconst   000000
_main                                                           text0        000088
btemp                                                           temp         000003
end_of_initialization                                           cinit        0000A4
int$flags                                                       temp         000003
intlevel0                                                       text         0000AE
intlevel1                                                       text         0000AE
intlevel2                                                       text         0000AE
intlevel3                                                       text         0000AE
isa$std                                                         (abs)        000001
isa$xinst                                                       (abs)        000000
stackhi                                                         (abs)        000000
stacklo                                                         (abs)        000000
start                                                           init         000060
start_initialization                                            cinit        0000A2
ttemp5                                                          temp         000004
ttemp6                                                          temp         000007
ttemp7                                                          temp         00000B
wtemp8                                                          temp         000004


MODULE INFORMATION

Module		Function		Class		Link	Load	Size
shared
		__initialization		CODE           	00A2	0000	2

shared estimated size: 2

I2c_slave.c
		_ISR           		CODE           	0008	0000	86
		_main          		CODE           	0088	0000	26
		_I2C_Slave_Init		CODE           	0064	0000	36

I2c_slave.c estimated size: 148

